../Core/Src/kernel.c:20:6:osSched	24	static,ignoring_inline_asm
../Core/Src/kernel.c:61:6:osYield	4	static,ignoring_inline_asm
../Core/Src/kernel.c:70:6:osKernelInitialize	8	static
../Core/Src/kernel.c:88:6:osKernelStart	8	static,ignoring_inline_asm
../Core/Src/kernel.c:127:11:osGetInitialMSP	4	static
../Core/Src/kernel.c:136:6:kernel_init	24	static
../Core/Src/kernel.c:163:11:allocate_thread_stack	16	static
../Core/Src/kernel.c:191:6:osCreateThread	40	static
../Core/Src/kernel.c:252:6:SVC_Handler_Main	24	static,ignoring_inline_asm
