../Core/Src/kernel.c:18:6:osSched	24	static,ignoring_inline_asm
../Core/Src/kernel.c:52:6:osYield	4	static,ignoring_inline_asm
../Core/Src/kernel.c:60:6:osKernelInitialize	16	static
../Core/Src/kernel.c:92:6:osKernelStart	8	static,ignoring_inline_asm
../Core/Src/kernel.c:133:11:allocate_thread_stack	16	static
../Core/Src/kernel.c:153:6:osCreateThread	16	static
../Core/Src/kernel.c:161:6:osCreateThreadWithDeadline	48	static
../Core/Src/kernel.c:224:6:SVC_Handler_Main	24	static,ignoring_inline_asm
