../Core/Src/main.c:64:5:__io_putchar	16	static
../Core/Src/main.c:70:6:thread1_function	16	static
../Core/Src/main.c:84:6:thread2_function	16	static
../Core/Src/main.c:98:6:jumpAssembly	16	static,ignoring_inline_asm
../Core/Src/main.c:103:6:print_success	4	static,ignoring_inline_asm
../Core/Src/main.c:108:6:print_error	4	static,ignoring_inline_asm
../Core/Src/main.c:113:6:run_first_thread	4	static,ignoring_inline_asm
../Core/Src/main.c:124:5:main	32	static,ignoring_inline_asm
../Core/Src/main.c:203:6:SystemClock_Config	88	static
../Core/Src/main.c:249:13:MX_USART2_UART_Init	8	static
../Core/Src/main.c:281:13:MX_GPIO_Init	48	static
../Core/Src/main.c:323:6:Error_Handler	4	static,ignoring_inline_asm
