../Core/Src/main.c:63:5:__io_putchar	16	static
../Core/Src/main.c:69:6:print_continuously	8	static
../Core/Src/main.c:77:6:jumpAssembly	16	static,ignoring_inline_asm
../Core/Src/main.c:82:6:print_success	4	static,ignoring_inline_asm
../Core/Src/main.c:87:6:print_error	4	static,ignoring_inline_asm
../Core/Src/main.c:92:6:run_first_thread	4	static,ignoring_inline_asm
../Core/Src/main.c:97:6:SVC_Handler_Main	24	static,ignoring_inline_asm
../Core/Src/main.c:132:5:main	32	static,ignoring_inline_asm
../Core/Src/main.c:212:6:SystemClock_Config	88	static
../Core/Src/main.c:258:13:MX_USART2_UART_Init	8	static
../Core/Src/main.c:290:13:MX_GPIO_Init	48	static
../Core/Src/main.c:332:6:Error_Handler	4	static,ignoring_inline_asm
